// Jest Snapshot v1, https://goo.gl/fbAQLP

exports[`Users List Error catched 1`] = `<DocumentFragment />`;

exports[`Users List renders correctly 1`] = `
<DocumentFragment>
  <div>
    <div>
      <div
        data-testid="40"
      >
        <div>
          ...
        </div>
      </div>
      <div>
        <div
          data-testid="50"
        >
          Antonette
        </div>
        <div>
          Ervin Howell
        </div>
      </div>
    </div>
  </div>
  <div>
    <div>
      <div
        data-testid="40"
      >
        <div>
          ...
        </div>
      </div>
      <div>
        <div
          data-testid="50"
        >
          Bret
        </div>
        <div>
          Leanne Graham
        </div>
      </div>
    </div>
  </div>
  <div>
    <div>
      <div
        data-testid="40"
      >
        <div>
          ...
        </div>
      </div>
      <div>
        <div
          data-testid="50"
        >
          Bret
        </div>
        <div>
          Leanne Graham
        </div>
      </div>
    </div>
  </div>
  <div>
    <div>
      <div
        data-testid="40"
      >
        <div>
          ...
        </div>
      </div>
      <div>
        <div
          data-testid="50"
        >
          Bret
        </div>
        <div>
          Xeanne Graham
        </div>
      </div>
    </div>
  </div>
</DocumentFragment>
`;
