// Jest Snapshot v1, https://goo.gl/fbAQLP

exports[`Panel renders correctly 1`] = `
<DocumentFragment>
  <div>
    <div
      class="grid--row"
    >
      <div
        class="grid grid--cell"
        data-testid="Panel"
      >
        <div
          class="cell"
          data-testid="R0:C0"
          style="background: rgb(236, 236, 236);"
        />
      </div>
      <div
        class="grid grid--cell"
        data-testid="Panel"
      >
        <div
          class="cell"
          data-testid="R0:C1"
          style="background: rgb(236, 236, 236);"
        />
      </div>
      <div
        class="grid grid--cell"
        data-testid="Panel"
      >
        <div
          class="cell"
          data-testid="R0:C2"
          style="background: rgb(236, 236, 236);"
        />
      </div>
      <div
        class="grid grid--cell"
        data-testid="Panel"
      >
        <div
          class="cell"
          data-testid="R0:C3"
          style="background: rgb(236, 236, 236);"
        />
      </div>
    </div>
    <div
      class="grid--row"
    >
      <div
        class="grid grid--cell"
        data-testid="Panel"
      >
        <div
          class="cell"
          data-testid="R1:C0"
          style="background: rgb(236, 236, 236);"
        />
      </div>
      <div
        class="grid grid--cell"
        data-testid="Panel"
      >
        <div
          class="cell"
          data-testid="R1:C1"
          style="background: rgb(236, 236, 236);"
        />
      </div>
      <div
        class="grid grid--cell"
        data-testid="Panel"
      >
        <div
          class="cell"
          data-testid="R1:C2"
          style="background: rgb(236, 236, 236);"
        />
      </div>
      <div
        class="grid grid--cell"
        data-testid="Panel"
      >
        <div
          class="cell"
          data-testid="R1:C3"
          style="background: rgb(236, 236, 236);"
        />
      </div>
    </div>
    <div
      class="grid--row"
    >
      <div
        class="grid grid--cell"
        data-testid="Panel"
      >
        <div
          class="cell"
          data-testid="R2:C0"
          style="background: rgb(236, 236, 236);"
        />
      </div>
      <div
        class="grid grid--cell"
        data-testid="Panel"
      >
        <div
          class="cell"
          data-testid="R2:C1"
          style="background: rgb(236, 236, 236);"
        />
      </div>
      <div
        class="grid grid--cell"
        data-testid="Panel"
      >
        <div
          class="cell"
          data-testid="R2:C2"
          style="background: rgb(236, 236, 236);"
        />
      </div>
      <div
        class="grid grid--cell"
        data-testid="Panel"
      >
        <div
          class="cell"
          data-testid="R2:C3"
          style="background: rgb(236, 236, 236);"
        />
      </div>
    </div>
    <div
      class="grid--row"
    >
      <div
        class="grid grid--cell"
        data-testid="Panel"
      >
        <div
          class="cell"
          data-testid="R3:C0"
          style="background: rgb(236, 236, 236);"
        />
      </div>
      <div
        class="grid grid--cell"
        data-testid="Panel"
      >
        <div
          class="cell"
          data-testid="R3:C1"
          style="background: rgb(236, 236, 236);"
        />
      </div>
      <div
        class="grid grid--cell"
        data-testid="Panel"
      >
        <div
          class="cell"
          data-testid="R3:C2"
          style="background: rgb(236, 236, 236);"
        />
      </div>
      <div
        class="grid grid--cell"
        data-testid="Panel"
      >
        <div
          class="cell"
          data-testid="R3:C3"
          style="background: rgb(236, 236, 236);"
        />
      </div>
    </div>
  </div>
</DocumentFragment>
`;
