// Jest Snapshot v1, https://goo.gl/fbAQLP

exports[`Posts List Error catched 1`] = `
<DocumentFragment>
  <div />
</DocumentFragment>
`;

exports[`Posts List renders correctly 1`] = `
<DocumentFragment>
  <div>
    <div>
      <div>
        <div
          data-testid="10"
        >
          <div>
            ...
          </div>
        </div>
        <div>
          <div
            data-testid="20"
          >
            sunt aut facere repellat provident occaecati excepturi optio reprehenderit
          </div>
        </div>
      </div>
    </div>
    <div>
      <div>
        <div
          data-testid="10"
        >
          <div>
            ...
          </div>
        </div>
        <div>
          <div
            data-testid="20"
          >
            qui est esse
          </div>
        </div>
      </div>
    </div>
  </div>
</DocumentFragment>
`;
