// Jest Snapshot v1, https://goo.gl/fbAQLP

exports[`Control Velocity renders correctly 1`] = `
<DocumentFragment>
  <select
    class="velocity"
    data-testid="velocity"
  >
    <option
      selected=""
      value="100"
    >
      Очень быстро
    </option>
    <option
      value="250"
    >
      Быстро
    </option>
    <option
      value="500"
    >
      Нормально
    </option>
    <option
      value="1000"
    >
      Медленно
    </option>
    <option
      value="2000"
    >
      Очень медленно
    </option>
  </select>
</DocumentFragment>
`;
